// Jest Snapshot v1, https://goo.gl/fbAQLP

exports[`Header component should works properly should match Snapshot: Header_1 1`] = `
<h1
  style="text-align: center;"
>
  The Traffic Meister
</h1>
`;
